X_train: (18900, 64, 64, 3) | Y_train: (18900, 10)
X_val  : (4050, 64, 64, 3) | Y_val  : (4050, 10)
Model: "simple_cnn"
┏━━━━━━━━━━━━━━━━━━━━━━━━━━━━━━━━━┳━━━━━━━━━━━━━━━━━━━━━━━━┳━━━━━━━━━━━━━━━┓
┃ Layer (type)                    ┃ Output Shape           ┃       Param # ┃
┡━━━━━━━━━━━━━━━━━━━━━━━━━━━━━━━━━╇━━━━━━━━━━━━━━━━━━━━━━━━╇━━━━━━━━━━━━━━━┩
│ data_augmentation (Sequential)  │ (None, 64, 64, 3)      │             0 │
├─────────────────────────────────┼────────────────────────┼───────────────┤
│ conv2d (Conv2D)                 │ (None, 62, 62, 32)     │           896 │
├─────────────────────────────────┼────────────────────────┼───────────────┤
│ max_pooling2d (MaxPooling2D)    │ (None, 31, 31, 32)     │             0 │
├─────────────────────────────────┼────────────────────────┼───────────────┤
│ conv2d_1 (Conv2D)               │ (None, 29, 29, 64)     │        18,496 │
├─────────────────────────────────┼────────────────────────┼───────────────┤
│ max_pooling2d_1 (MaxPooling2D)  │ (None, 14, 14, 64)     │             0 │
├─────────────────────────────────┼────────────────────────┼───────────────┤
│ flatten (Flatten)               │ (None, 12544)          │             0 │
├─────────────────────────────────┼────────────────────────┼───────────────┤
│ dense (Dense)                   │ (None, 128)            │     1,605,760 │
├─────────────────────────────────┼────────────────────────┼───────────────┤
│ dense_1 (Dense)                 │ (None, 10)             │         1,290 │
└─────────────────────────────────┴────────────────────────┴───────────────┘
 Total params: 1,626,442 (6.20 MB)
 Trainable params: 1,626,442 (6.20 MB)
 Non-trainable params: 0 (0.00 B)
Epoch 1/30
296/296 - 28s - 95ms/step - accuracy: 0.4710 - loss: 1.3886 - val_accuracy: 0.5385 - val_loss: 1.1839
Epoch 2/30
296/296 - 25s - 84ms/step - accuracy: 0.6495 - loss: 0.9696 - val_accuracy: 0.6595 - val_loss: 0.8869
Epoch 3/30
296/296 - 26s - 87ms/step - accuracy: 0.7133 - loss: 0.8077 - val_accuracy: 0.7457 - val_loss: 0.6869
Epoch 4/30
296/296 - 41s - 138ms/step - accuracy: 0.7371 - loss: 0.7328 - val_accuracy: 0.7696 - val_loss: 0.6344
Epoch 5/30
296/296 - 25s - 85ms/step - accuracy: 0.7645 - loss: 0.6624 - val_accuracy: 0.7640 - val_loss: 0.6466
Epoch 6/30
296/296 - 24s - 80ms/step - accuracy: 0.7742 - loss: 0.6266 - val_accuracy: 0.7568 - val_loss: 0.6672
Epoch 7/30
296/296 - 26s - 89ms/step - accuracy: 0.7946 - loss: 0.5786 - val_accuracy: 0.7215 - val_loss: 0.7795
Epoch 8/30
296/296 - 23s - 79ms/step - accuracy: 0.8065 - loss: 0.5514 - val_accuracy: 0.7252 - val_loss: 0.7597
Epoch 9/30
296/296 - 26s - 86ms/step - accuracy: 0.8192 - loss: 0.5118 - val_accuracy: 0.7980 - val_loss: 0.5566
Epoch 10/30
296/296 - 42s - 143ms/step - accuracy: 0.8321 - loss: 0.4774 - val_accuracy: 0.8030 - val_loss: 0.5462
Epoch 11/30
296/296 - 26s - 88ms/step - accuracy: 0.8372 - loss: 0.4593 - val_accuracy: 0.8044 - val_loss: 0.5502
Epoch 12/30
296/296 - 24s - 82ms/step - accuracy: 0.8549 - loss: 0.4210 - val_accuracy: 0.8289 - val_loss: 0.5000
Epoch 13/30
296/296 - 24s - 81ms/step - accuracy: 0.8628 - loss: 0.3958 - val_accuracy: 0.8123 - val_loss: 0.5281
Epoch 14/30
296/296 - 43s - 145ms/step - accuracy: 0.8675 - loss: 0.3818 - val_accuracy: 0.8326 - val_loss: 0.4999
Epoch 15/30
296/296 - 27s - 92ms/step - accuracy: 0.8795 - loss: 0.3523 - val_accuracy: 0.8267 - val_loss: 0.5225
Epoch 16/30
296/296 - 26s - 88ms/step - accuracy: 0.8877 - loss: 0.3261 - val_accuracy: 0.8365 - val_loss: 0.5029
Epoch 17/30
296/296 - 39s - 132ms/step - accuracy: 0.8943 - loss: 0.3075 - val_accuracy: 0.8309 - val_loss: 0.5018
Epoch 18/30
296/296 - 44s - 150ms/step - accuracy: 0.9009 - loss: 0.2901 - val_accuracy: 0.8286 - val_loss: 0.5425
Epoch 19/30
296/296 - 24s - 82ms/step - accuracy: 0.9071 - loss: 0.2723 - val_accuracy: 0.8316 - val_loss: 0.5387
{
  "model": "simple_cnn",
  "params": 1626442,
  "epochs_run": 19,
  "best_epoch": 14,
  "best_val_loss": 0.4999,
  "best_val_accuracy": 0.8326,
  "train_time_sec": 582.4,
  "learning_rate": 0.001
}
Saved figures/simple_cnn_curve.png
