Model: "complex_cnn"
┏━━━━━━━━━━━━━━━━━━━━━━━━━━━━━━━━━┳━━━━━━━━━━━━━━━━━━━━━━━━┳━━━━━━━━━━━━━━━┓
┃ Layer (type)                    ┃ Output Shape           ┃       Param # ┃
┡━━━━━━━━━━━━━━━━━━━━━━━━━━━━━━━━━╇━━━━━━━━━━━━━━━━━━━━━━━━╇━━━━━━━━━━━━━━━┩
│ data_augmentation (Sequential)  │ (None, 64, 64, 3)      │             0 │
├─────────────────────────────────┼────────────────────────┼───────────────┤
│ conv2d (Conv2D)                 │ (None, 64, 64, 32)     │           896 │
├─────────────────────────────────┼────────────────────────┼───────────────┤
│ batch_normalization             │ (None, 64, 64, 32)     │           128 │
│ (BatchNormalization)            │                        │               │
├─────────────────────────────────┼────────────────────────┼───────────────┤
│ activation (Activation)         │ (None, 64, 64, 32)     │             0 │
├─────────────────────────────────┼────────────────────────┼───────────────┤
│ conv2d_1 (Conv2D)               │ (None, 64, 64, 32)     │         9,248 │
├─────────────────────────────────┼────────────────────────┼───────────────┤
│ batch_normalization_1           │ (None, 64, 64, 32)     │           128 │
│ (BatchNormalization)            │                        │               │
├─────────────────────────────────┼────────────────────────┼───────────────┤
│ activation_1 (Activation)       │ (None, 64, 64, 32)     │             0 │
├─────────────────────────────────┼────────────────────────┼───────────────┤
│ max_pooling2d (MaxPooling2D)    │ (None, 32, 32, 32)     │             0 │
├─────────────────────────────────┼────────────────────────┼───────────────┤
│ dropout (Dropout)               │ (None, 32, 32, 32)     │             0 │
├─────────────────────────────────┼────────────────────────┼───────────────┤
│ conv2d_2 (Conv2D)               │ (None, 32, 32, 64)     │        18,496 │
├─────────────────────────────────┼────────────────────────┼───────────────┤
│ batch_normalization_2           │ (None, 32, 32, 64)     │           256 │
│ (BatchNormalization)            │                        │               │
├─────────────────────────────────┼────────────────────────┼───────────────┤
│ activation_2 (Activation)       │ (None, 32, 32, 64)     │             0 │
├─────────────────────────────────┼────────────────────────┼───────────────┤
│ conv2d_3 (Conv2D)               │ (None, 32, 32, 64)     │        36,928 │
├─────────────────────────────────┼────────────────────────┼───────────────┤
│ batch_normalization_3           │ (None, 32, 32, 64)     │           256 │
│ (BatchNormalization)            │                        │               │
├─────────────────────────────────┼────────────────────────┼───────────────┤
│ activation_3 (Activation)       │ (None, 32, 32, 64)     │             0 │
├─────────────────────────────────┼────────────────────────┼───────────────┤
│ max_pooling2d_1 (MaxPooling2D)  │ (None, 16, 16, 64)     │             0 │
├─────────────────────────────────┼────────────────────────┼───────────────┤
│ dropout_1 (Dropout)             │ (None, 16, 16, 64)     │             0 │
├─────────────────────────────────┼────────────────────────┼───────────────┤
│ conv2d_4 (Conv2D)               │ (None, 16, 16, 128)    │        73,856 │
├─────────────────────────────────┼────────────────────────┼───────────────┤
│ batch_normalization_4           │ (None, 16, 16, 128)    │           512 │
│ (BatchNormalization)            │                        │               │
├─────────────────────────────────┼────────────────────────┼───────────────┤
│ activation_4 (Activation)       │ (None, 16, 16, 128)    │             0 │
├─────────────────────────────────┼────────────────────────┼───────────────┤
│ conv2d_5 (Conv2D)               │ (None, 16, 16, 128)    │       147,584 │
├─────────────────────────────────┼────────────────────────┼───────────────┤
│ batch_normalization_5           │ (None, 16, 16, 128)    │           512 │
│ (BatchNormalization)            │                        │               │
├─────────────────────────────────┼────────────────────────┼───────────────┤
│ activation_5 (Activation)       │ (None, 16, 16, 128)    │             0 │
├─────────────────────────────────┼────────────────────────┼───────────────┤
│ max_pooling2d_2 (MaxPooling2D)  │ (None, 8, 8, 128)      │             0 │
├─────────────────────────────────┼────────────────────────┼───────────────┤
│ dropout_2 (Dropout)             │ (None, 8, 8, 128)      │             0 │
├─────────────────────────────────┼────────────────────────┼───────────────┤
│ conv2d_6 (Conv2D)               │ (None, 8, 8, 256)      │       295,168 │
├─────────────────────────────────┼────────────────────────┼───────────────┤
│ batch_normalization_6           │ (None, 8, 8, 256)      │         1,024 │
│ (BatchNormalization)            │                        │               │
├─────────────────────────────────┼────────────────────────┼───────────────┤
│ activation_6 (Activation)       │ (None, 8, 8, 256)      │             0 │
├─────────────────────────────────┼────────────────────────┼───────────────┤
│ conv2d_7 (Conv2D)               │ (None, 8, 8, 256)      │       590,080 │
├─────────────────────────────────┼────────────────────────┼───────────────┤
│ batch_normalization_7           │ (None, 8, 8, 256)      │         1,024 │
│ (BatchNormalization)            │                        │               │
├─────────────────────────────────┼────────────────────────┼───────────────┤
│ activation_7 (Activation)       │ (None, 8, 8, 256)      │             0 │
├─────────────────────────────────┼────────────────────────┼───────────────┤
│ max_pooling2d_3 (MaxPooling2D)  │ (None, 4, 4, 256)      │             0 │
├─────────────────────────────────┼────────────────────────┼───────────────┤
│ dropout_3 (Dropout)             │ (None, 4, 4, 256)      │             0 │
├─────────────────────────────────┼────────────────────────┼───────────────┤
│ global_average_pooling2d        │ (None, 256)            │             0 │
│ (GlobalAveragePooling2D)        │                        │               │
├─────────────────────────────────┼────────────────────────┼───────────────┤
│ dense (Dense)                   │ (None, 256)            │        65,792 │
├─────────────────────────────────┼────────────────────────┼───────────────┤
│ dropout_4 (Dropout)             │ (None, 256)            │             0 │
├─────────────────────────────────┼────────────────────────┼───────────────┤
│ dense_1 (Dense)                 │ (None, 10)             │         2,570 │
└─────────────────────────────────┴────────────────────────┴───────────────┘
 Total params: 1,244,458 (4.75 MB)
 Trainable params: 1,242,538 (4.74 MB)
 Non-trainable params: 1,920 (7.50 KB)
X_train: (18900, 64, 64, 3) | Y_train: (18900, 10)
X_val  : (4050, 64, 64, 3) | Y_val  : (4050, 10)

========== complex_cnn_v1 ==========
Epoch 1/30
296/296 - 215s - 726ms/step - accuracy: 0.6026 - loss: 1.1318 - val_accuracy: 0.1247 - val_loss: 6.7642
Epoch 2/30
296/296 - 205s - 691ms/step - accuracy: 0.7471 - loss: 0.7307 - val_accuracy: 0.7521 - val_loss: 0.7846
Epoch 3/30
296/296 - 204s - 688ms/step - accuracy: 0.8083 - loss: 0.5716 - val_accuracy: 0.5919 - val_loss: 1.3608
Epoch 4/30
296/296 - 202s - 683ms/step - accuracy: 0.8433 - loss: 0.4751 - val_accuracy: 0.7580 - val_loss: 0.7665
Epoch 5/30
296/296 - 204s - 688ms/step - accuracy: 0.8668 - loss: 0.4081 - val_accuracy: 0.7022 - val_loss: 1.0909
Epoch 6/30
296/296 - 266s - 898ms/step - accuracy: 0.8814 - loss: 0.3643 - val_accuracy: 0.7600 - val_loss: 0.8219
Epoch 7/30
296/296 - 222s - 752ms/step - accuracy: 0.8941 - loss: 0.3228 - val_accuracy: 0.8504 - val_loss: 0.4329
Epoch 8/30
296/296 - 210s - 710ms/step - accuracy: 0.9017 - loss: 0.2963 - val_accuracy: 0.8667 - val_loss: 0.4240
Epoch 9/30
296/296 - 263s - 888ms/step - accuracy: 0.9113 - loss: 0.2720 - val_accuracy: 0.7847 - val_loss: 0.7333
Epoch 10/30
296/296 - 276s - 933ms/step - accuracy: 0.9166 - loss: 0.2487 - val_accuracy: 0.8684 - val_loss: 0.3939
Epoch 11/30
296/296 - 222s - 749ms/step - accuracy: 0.9207 - loss: 0.2383 - val_accuracy: 0.8501 - val_loss: 0.5119
Epoch 12/30
296/296 - 217s - 734ms/step - accuracy: 0.9290 - loss: 0.2128 - val_accuracy: 0.9047 - val_loss: 0.2997
Epoch 13/30
296/296 - 269s - 910ms/step - accuracy: 0.9284 - loss: 0.2125 - val_accuracy: 0.9178 - val_loss: 0.2585
Epoch 14/30
296/296 - 230s - 777ms/step - accuracy: 0.9354 - loss: 0.1984 - val_accuracy: 0.8430 - val_loss: 0.5899
Epoch 15/30
296/296 - 218s - 738ms/step - accuracy: 0.9384 - loss: 0.1841 - val_accuracy: 0.8440 - val_loss: 0.5445
Epoch 16/30
296/296 - 274s - 926ms/step - accuracy: 0.9393 - loss: 0.1850 - val_accuracy: 0.8773 - val_loss: 0.4192
Epoch 17/30
296/296 - 257s - 870ms/step - accuracy: 0.9425 - loss: 0.1718 - val_accuracy: 0.8267 - val_loss: 0.6750
Epoch 18/30
296/296 - 267s - 903ms/step - accuracy: 0.9486 - loss: 0.1560 - val_accuracy: 0.9047 - val_loss: 0.3197
{
  "model": "complex_cnn_v1",
  "params": 1244458,
  "epochs_run": 18,
  "best_epoch": 13,
  "best_val_loss": 0.2585,
  "best_val_accuracy": 0.9178,
  "train_time_sec": 4223.4,
  "learning_rate": 0.001
}

========== complex_cnn_no_bn ==========
Epoch 1/30
296/296 - 154s - 521ms/step - accuracy: 0.2843 - loss: 1.7794 - val_accuracy: 0.2553 - val_loss: 1.9220
Epoch 2/30
296/296 - 151s - 509ms/step - accuracy: 0.4921 - loss: 1.3375 - val_accuracy: 0.5778 - val_loss: 1.1226
Epoch 3/30
296/296 - 150s - 506ms/step - accuracy: 0.6452 - loss: 0.9792 - val_accuracy: 0.6835 - val_loss: 0.8629
Epoch 4/30
296/296 - 150s - 505ms/step - accuracy: 0.7088 - loss: 0.8176 - val_accuracy: 0.6741 - val_loss: 0.9322
Epoch 5/30
296/296 - 201s - 679ms/step - accuracy: 0.7504 - loss: 0.7096 - val_accuracy: 0.7570 - val_loss: 0.6539
Epoch 6/30
296/296 - 150s - 507ms/step - accuracy: 0.7879 - loss: 0.6096 - val_accuracy: 0.7904 - val_loss: 0.6254
Epoch 7/30
296/296 - 150s - 508ms/step - accuracy: 0.8088 - loss: 0.5552 - val_accuracy: 0.8106 - val_loss: 0.5394
Epoch 8/30
296/296 - 195s - 659ms/step - accuracy: 0.8232 - loss: 0.5119 - val_accuracy: 0.8281 - val_loss: 0.4913
Epoch 9/30
296/296 - 146s - 492ms/step - accuracy: 0.8425 - loss: 0.4636 - val_accuracy: 0.8358 - val_loss: 0.4708
Epoch 10/30
296/296 - 147s - 497ms/step - accuracy: 0.8529 - loss: 0.4421 - val_accuracy: 0.8415 - val_loss: 0.4523
Epoch 11/30
296/296 - 208s - 701ms/step - accuracy: 0.8596 - loss: 0.4176 - val_accuracy: 0.8489 - val_loss: 0.4290
Epoch 12/30
296/296 - 199s - 673ms/step - accuracy: 0.8681 - loss: 0.3983 - val_accuracy: 0.8489 - val_loss: 0.4175
Epoch 13/30
296/296 - 147s - 497ms/step - accuracy: 0.8765 - loss: 0.3736 - val_accuracy: 0.8709 - val_loss: 0.3632
Epoch 14/30
296/296 - 144s - 486ms/step - accuracy: 0.8753 - loss: 0.3709 - val_accuracy: 0.8756 - val_loss: 0.3604
Epoch 15/30
296/296 - 145s - 489ms/step - accuracy: 0.8890 - loss: 0.3300 - val_accuracy: 0.8588 - val_loss: 0.4105
Epoch 16/30
296/296 - 213s - 719ms/step - accuracy: 0.8926 - loss: 0.3241 - val_accuracy: 0.8617 - val_loss: 0.3804
Epoch 17/30
296/296 - 189s - 638ms/step - accuracy: 0.8961 - loss: 0.3167 - val_accuracy: 0.8827 - val_loss: 0.3559
Epoch 18/30
296/296 - 204s - 691ms/step - accuracy: 0.8988 - loss: 0.2946 - val_accuracy: 0.8886 - val_loss: 0.3359
Epoch 19/30
296/296 - 198s - 668ms/step - accuracy: 0.9060 - loss: 0.2809 - val_accuracy: 0.8726 - val_loss: 0.3857
Epoch 20/30
296/296 - 144s - 487ms/step - accuracy: 0.9108 - loss: 0.2695 - val_accuracy: 0.8916 - val_loss: 0.3287
Epoch 21/30
296/296 - 143s - 485ms/step - accuracy: 0.9172 - loss: 0.2444 - val_accuracy: 0.8978 - val_loss: 0.2991
Epoch 22/30
296/296 - 147s - 496ms/step - accuracy: 0.9180 - loss: 0.2466 - val_accuracy: 0.9007 - val_loss: 0.3049
Epoch 23/30
296/296 - 148s - 499ms/step - accuracy: 0.9229 - loss: 0.2316 - val_accuracy: 0.8983 - val_loss: 0.3179
Epoch 24/30
296/296 - 143s - 482ms/step - accuracy: 0.9198 - loss: 0.2329 - val_accuracy: 0.9151 - val_loss: 0.2706
Epoch 25/30
296/296 - 148s - 500ms/step - accuracy: 0.9234 - loss: 0.2272 - val_accuracy: 0.8946 - val_loss: 0.3254
Epoch 26/30
296/296 - 199s - 674ms/step - accuracy: 0.9290 - loss: 0.2166 - val_accuracy: 0.9000 - val_loss: 0.3394
Epoch 27/30
296/296 - 208s - 702ms/step - accuracy: 0.9297 - loss: 0.2138 - val_accuracy: 0.9190 - val_loss: 0.2572
Epoch 28/30
296/296 - 203s - 687ms/step - accuracy: 0.9317 - loss: 0.2008 - val_accuracy: 0.9200 - val_loss: 0.2439
Epoch 29/30
296/296 - 200s - 675ms/step - accuracy: 0.9323 - loss: 0.2024 - val_accuracy: 0.8938 - val_loss: 0.3403
Epoch 30/30
296/296 - 148s - 499ms/step - accuracy: 0.9359 - loss: 0.1922 - val_accuracy: 0.9163 - val_loss: 0.2758
{
  "model": "complex_cnn_no_bn",
  "params": 1240618,
  "epochs_run": 30,
  "best_epoch": 28,
  "best_val_loss": 0.2439,
  "best_val_accuracy": 0.92,
  "train_time_sec": 5126.4,
  "learning_rate": 0.001
}

========== complex_cnn_flatten ==========
Epoch 1/30
296/296 - 230s - 778ms/step - accuracy: 0.3967 - loss: 1.6927 - val_accuracy: 0.1126 - val_loss: 3.6348
Epoch 2/30
296/296 - 254s - 858ms/step - accuracy: 0.5956 - loss: 1.1523 - val_accuracy: 0.4990 - val_loss: 1.8636
Epoch 3/30
296/296 - 221s - 747ms/step - accuracy: 0.6693 - loss: 0.9520 - val_accuracy: 0.6190 - val_loss: 1.2389
Epoch 4/30
296/296 - 232s - 785ms/step - accuracy: 0.7290 - loss: 0.8105 - val_accuracy: 0.4973 - val_loss: 2.5762
Epoch 5/30
296/296 - 251s - 849ms/step - accuracy: 0.7622 - loss: 0.7257 - val_accuracy: 0.7956 - val_loss: 0.5805
Epoch 6/30
296/296 - 237s - 801ms/step - accuracy: 0.7892 - loss: 0.6618 - val_accuracy: 0.7437 - val_loss: 0.8474
Epoch 7/30
296/296 - 222s - 749ms/step - accuracy: 0.8174 - loss: 0.5753 - val_accuracy: 0.7721 - val_loss: 0.8001
Epoch 8/30
296/296 - 277s - 937ms/step - accuracy: 0.8397 - loss: 0.5308 - val_accuracy: 0.6156 - val_loss: 1.4088
Epoch 9/30
296/296 - 228s - 772ms/step - accuracy: 0.8568 - loss: 0.4659 - val_accuracy: 0.8067 - val_loss: 0.7449
Epoch 10/30
296/296 - 257s - 867ms/step - accuracy: 0.8741 - loss: 0.4161 - val_accuracy: 0.7923 - val_loss: 0.7544
{
  "model": "complex_cnn_flatten",
  "params": 2227498,
  "epochs_run": 10,
  "best_epoch": 5,
  "best_val_loss": 0.5805,
  "best_val_accuracy": 0.7956,
  "train_time_sec": 2412.3,
  "learning_rate": 0.001
}

=== Variant comparison ===
              model  use_batchnorm  use_gap  params  epochs_run  best_epoch  best_val_loss  best_val_accuracy  train_time_sec
     complex_cnn_v1           True     True 1244458          18          13         0.2585             0.9178          4223.4
  complex_cnn_no_bn          False     True 1240618          30          28         0.2439             0.9200          5126.4
complex_cnn_flatten           True    False 2227498          10           5         0.5805             0.7956          2412.3
Best variant: complex_cnn_no_bn
Saved figures/complex_cnn_curve.png
